---
source: src/variable_versions/v9_lookup.rs
expression: fields
---
- UnsignedDataNumber
- UnsignedDataNumber
- UnsignedDataNumber
- ProtocolType
- UnsignedDataNumber
- UnsignedDataNumber
- UnsignedDataNumber
- Ip4Addr
- UnsignedDataNumber
- UnsignedDataNumber
- UnsignedDataNumber
- Ip4Addr
- UnsignedDataNumber
- UnsignedDataNumber
- Ip4Addr
- UnsignedDataNumber
- UnsignedDataNumber
- Ip4Addr
- UnsignedDataNumber
- UnsignedDataNumber
- DurationMillis
- DurationMillis
- UnsignedDataNumber
- UnsignedDataNumber
- UnsignedDataNumber
- UnsignedDataNumber
- Ip6Addr
- Ip6Addr
- UnsignedDataNumber
- UnsignedDataNumber
- UnsignedDataNumber
- UnsignedDataNumber
- UnsignedDataNumber
- UnsignedDataNumber
- UnsignedDataNumber
- UnsignedDataNumber
- UnsignedDataNumber
- UnsignedDataNumber
- UnsignedDataNumber
- UnsignedDataNumber
- UnsignedDataNumber
- UnsignedDataNumber
- Unknown
- Ip4Addr
- Ip4Addr
- UnsignedDataNumber
- Ip4Addr
- UnsignedDataNumber
- UnsignedDataNumber
- UnsignedDataNumber
- Unknown
- UnsignedDataNumber
- UnsignedDataNumber
- UnsignedDataNumber
- UnsignedDataNumber
- MacAddr
- MacAddr
- UnsignedDataNumber
- Unknown
- UnsignedDataNumber
- UnsignedDataNumber
- Ip6Addr
- Ip6Addr
- UnsignedDataNumber
- Unknown
- Unknown
- Unknown
- Unknown
- Unknown
- UnsignedDataNumber
- UnsignedDataNumber
- UnsignedDataNumber
- UnsignedDataNumber
- UnsignedDataNumber
- UnsignedDataNumber
- UnsignedDataNumber
- UnsignedDataNumber
- UnsignedDataNumber
- UnsignedDataNumber
- MacAddr
- MacAddr
- UnsignedDataNumber
- UnsignedDataNumber
- UnsignedDataNumber
- UnsignedDataNumber
- UnsignedDataNumber
- Unknown
- UnsignedDataNumber
- UnsignedDataNumber
- Vec
- UnsignedDataNumber
- UnsignedDataNumber
- UnsignedDataNumber
- String
- Vec
- String
- Unknown
- UnsignedDataNumber
- UnsignedDataNumber
- Unknown
- Unknown
- Unknown
- Unknown
- Unknown
- Unknown
- Unknown
- Unknown
- Unknown
- Unknown
- Unknown
- Unknown
- Unknown
- Unknown
- Unknown
- Unknown
- Unknown
- Unknown
- Unknown
- Unknown
- Unknown
- Unknown
- Unknown
- Unknown
- Unknown
- Unknown
- Unknown
- Unknown
- Unknown
- Unknown
- Unknown
- Unknown
- Unknown
- Unknown
- Unknown
- Unknown
- Unknown
- Unknown
- Unknown
- Unknown
- Unknown
- Unknown
- Unknown
- Unknown
- Unknown
- Unknown
- Unknown
- Unknown
- Unknown
- Unknown
- Unknown
- Unknown
- Unknown
- Unknown
- Unknown
- Unknown
- Unknown
- Unknown
- Unknown
- Unknown
- Unknown
- Unknown
- Unknown
- Unknown
- Unknown
- Unknown
- Unknown
- Unknown
- Unknown
- Unknown
- Unknown
- Unknown
- Unknown
- Unknown
- Unknown
- Unknown
- UnsignedDataNumber
- UnsignedDataNumber
- UnsignedDataNumber
- UnsignedDataNumber
- Unknown
- Unknown
- Unknown
- Unknown
- Unknown
- Unknown
- Unknown
- Unknown
- Unknown
- Unknown
- Unknown
- Unknown
- Unknown
- Unknown
- Unknown
- Unknown
- Unknown
- Unknown
- Unknown
- Unknown
- Unknown
- Unknown
- Unknown
- Unknown
- Unknown
- Unknown
- Unknown
- Unknown
- Unknown
- Unknown
- Unknown
- Unknown
- Unknown
- Unknown
- Unknown
- Unknown
- Unknown
- Unknown
- Unknown
- Unknown
- Unknown
- Unknown
- Unknown
- Unknown
- Unknown
- Ip4Addr
- Ip4Addr
- UnsignedDataNumber
- UnsignedDataNumber
- Unknown
- Unknown
- Unknown
- Unknown
- Unknown
- Unknown
- Unknown
- Unknown
- Unknown
- Unknown
- Unknown
- Unknown
- Unknown
- Unknown
- Unknown
- Unknown
- Unknown
- Unknown
- Unknown
- Unknown
- Unknown
- Unknown
- Unknown
- Unknown
- Unknown
- Unknown
- Unknown
- Unknown
- Unknown
- Unknown
- Unknown
- Unknown
- Unknown
- Unknown
- Unknown
- Unknown
- Unknown
- Unknown
- Unknown
- Unknown
- Unknown
- Unknown
- Unknown
- Unknown
- Unknown
- Unknown
- Unknown
- Unknown
- Unknown
- Unknown
- Unknown
- Unknown
- Ip6Addr
- Ip6Addr
