---
source: src/tests.rs
expression: "NetflowParser::default().parse_bytes(&packet)"
---
- Error:
    error:
      UnknownVersion:
        - 12
        - 13
        - 14
    remaining:
      - 12
      - 13
      - 14

