---
source: src/tests.rs
expression: parser.parse_bytes(&packet)
---
[]
