---
source: src/protocol.rs
expression: protocols
---
- Unknown
- Hopopt
- Igmp
- Ggp
- Ipv4
- St
- Tcp
- Cbt
- Egp
- Igp
- Bbcrccmon
- Nvpii
- Pup
- Argus
- Emcon
- Xnet
- Chaos
- Udp
- Mux
- Dcnmeas
- Hmp
- Prm
- Xnxidp
- Trunk1
- Trunk2
- Leaf1
- Leaf2
- Rdp
- Irtp
- Isotp4
- Netblt
- Mfensp
- Meritinp
- Dccp
- Threepc
- Idpr
- Xtp
- Ddp
- Idprcmtp
- Tppp
- Il
- Ipv6
- Sdrp
- Ipv6Route
- Ipv6Frag
- Idrp
- Rsvp
- Gre
- Dsr
- Bna
- Esp
- Ah
- Inlsp
- Swipe
- Narp
- Mobile
- Tlsp
- Skip
- Ipv6Icmp
- Ipv6Nonxt
- Ipv6Opts
- Anydistributedprotocol
- Cftp
- Anylocalnetwork
- Satexpak
- Kryptolan
- Rvd
- Ippc
- Anydistributedfilesystem
- Satmon
- Visa
- Ipcv
- Cpnx
- Cphb
- Wsn
- Pvp
- Brsatmon
- Sunnd
- Wbmon
- Wbexpak
- Isoip
- Vmtp
- Securevmtp
- Vines
- Iptm
- Nsfnetigp
- Dgp
- Tcf
- Eigrp
- Ospfigp
- Spriterpc
- Larp
- Mtp
- Ax25
- Ipip
- Micp
- Sccsp
- Etherip
- Encap
- Anyprivateencryptionscheme
- Gmtp
- Ifmp
- Pnni
- Pim
- Aris
- Scps
- Qnx
- An
- Ipcomp
- Snp
- Compaqpeer
- Ipxinip
- Vrrp
- Pgm
- Any0Hopprotocol
- L2Tp
- Ddx
- Iatp
- Stp
- Srp
- Uti
- Smp
- Sm
- Ptp
- Isisoveripv4
- Fire
- Crtp
- Crudp
- Sscopmce
- Iplt
- Sps
- Pipe
- Sctp
- Fc
- Rsvpe2Eignore
- Mobilityheader
- Udplite
- Mplsinip
- Manet
- Hip
- Shim6
- Wesp
- Rohc
- Ethernet
- Reserved
