---
source: src/lib.rs
expression: parser.parse_bytes(&packet)
---
- V9:
    header:
      version: 9
      count: 1
      sys_up_time: 2313
      unix_secs: 66051
      sequence_number: 1
      source_id: 1
    flowsets:
      - flow_set_id: 258
        length: 12
        data:
          data_fields:
            - InBytes:
                DataNumber: 151126788
              Ipv4SrcAddr:
                Ip4Addr: 9.9.9.8

