---
source: src/tests.rs
expression: "NetflowParser::default().parse_bytes(&packet)"
---
- Error:
    error:
      V5: Parsing requires 4 bytes/chars
    remaining:
      - 0
      - 5
      - 0
      - 0
      - 1
      - 1
      - 1
      - 1

