---
source: src/tests.rs
expression: "NetflowParser::default().parse_bytes(&packet)"
---
- Error:
    error_message: Unsupported Version
    bytes:
      - 12
      - 13
      - 14

