---
source: src/lib.rs
expression: "NetflowParser::default().parse_bytes(&packet)"
---
- V9:
    header:
      version: 9
      count: 2
      sys_up_time: 2313
      unix_secs: 66051
      sequence_number: 1
      source_id: 1
    flowsets:
      - flow_set_id: 0
        length: 16
        templates:
          - template_id: 258
            field_count: 2
            fields:
              - field_type_number: 1
                field_type: InBytes
                field_length: 4
              - field_type_number: 8
                field_type: Ipv4SrcAddr
                field_length: 4
      - flow_set_id: 258
        length: 12
        data:
          data_fields:
            - InBytes:
                DataNumber: 151126788
              Ipv4SrcAddr:
                Ip4Addr: 9.9.9.8

