---
source: src/tests.rs
expression: "parser.parse_bytes(&hex::decode(hex2).unwrap())"
---
- IPFix:
    header:
      version: 10
      length: 1217
      export_time: 1412166683
      sequence_number: 127681
      observation_domain_id: 0
    flowsets:
      - header:
          header_id: 277
          length: 29
        body:
          NoTemplate:
            - 0
            - 133
            - 58
            - 211
            - 0
            - 0
            - 0
            - 0
            - 1
            - 0
            - 0
            - 0
            - 0
            - 0
            - 0
            - 0
            - 5
            - 0
            - 0
            - 0
            - 0
            - 0
            - 0
            - 0
            - 0
      - header:
          header_id: 258
          length: 433
        body:
          Data:
            fields:
              - - - IANA: ObservationPointId
                  - DataNumber: 8731347
                - - IANA: ExportingProcessId
                  - DataNumber: 0
                - - IANA: FlowId
                  - DataNumber: 2040953
                - - Netscaler: NetscalerTransactionId
                  - DataNumber: 94120
                - - Netscaler: NetscalerConnectionId
                  - DataNumber: 2040953
                - - IANA: IpVersion
                  - DataNumber: 4
                - - IANA: ProtocolIdentifier
                  - ProtocolType: Tcp
                - - IANA: PaddingOctets
                  - String: ""
                - - IANA: SourceIpv4address
                  - Ip4Addr: 172.18.129.61
                - - IANA: DestinationIpv4address
                  - Ip4Addr: 172.18.159.99
                - - IANA: SourceTransportPort
                  - DataNumber: 51612
                - - IANA: DestinationTransportPort
                  - DataNumber: 443
                - - IANA: PacketDeltaCount
                  - DataNumber: 3
                - - IANA: OctetDeltaCount
                  - DataNumber: 817
                - - IANA: TcpControlBits
                  - DataNumber: 24
                - - Netscaler: NetscalerFlowFlags
                  - DataNumber: 84025344
                - - IANA: FlowStartMicroseconds
                  - Duration:
                      secs: 3621155483
                      nanos: 175000
                - - IANA: FlowEndMicroseconds
                  - Duration:
                      secs: 3621155483
                      nanos: 178000
                - - IANA: IngressInterface
                  - DataNumber: 1
                - - IANA: EgressInterface
                  - DataNumber: 2147483651
                - - Netscaler: NetscalerAppNameAppId
                  - DataNumber: 9510
                - - Netscaler: NetscalerAppUnitNameAppId
                  - DataNumber: 0
                - - Netscaler: NetscalerHttpResForwFB
                  - DataNumber: 0
                - - Netscaler: NetscalerHttpResForwLB
                  - DataNumber: 0
                - - Netscaler: NetscalerConnectionChainID
                  - Vec:
                      - 0
                      - 80
                      - 86
                      - 0
                      - 215
                      - 43
                      - 33
                      - 84
                      - 27
                      - 244
                      - 43
                      - 84
                      - 247
                      - 173
                      - 11
                      - 0
                - - Netscaler: NetscalerConnectionChainHopCount
                  - DataNumber: 1
                - - Netscaler: NetscalerHttpReqUrl
                  - String: /vpn/index.html
                - - Netscaler: NetscalerHttpReqCookie
                  - String: ""
                - - Netscaler: NetscalerHttpReqReferer
                  - String: ""
                - - Netscaler: NetscalerHttpReqMethod
                  - String: GET
                - - Netscaler: NetscalerHttpReqHost
                  - String: int-app-netscaler-10-1-ext.lab2.net
                - - Netscaler: NetscalerHttpReqUserAgent
                  - String: "Mozilla/5.0 (Windows NT 6.1; WOW64; rv:32.0) Gecko/20100101 Firefox/32.0"
                - - Netscaler: NetscalerHttpContentType
                  - String: ""
                - - Netscaler: NetscalerHttpReqAuthorization
                  - String: ""
                - - Netscaler: NetscalerHttpReqVia
                  - String: ""
                - - Netscaler: NetscalerHttpReqXForwardedFor
                  - String: ""
                - - Netscaler: NetscalerAaaUsername
                  - String: ""
              - - - IANA: ObservationPointId
                  - DataNumber: 8731347
                - - IANA: ExportingProcessId
                  - DataNumber: 0
                - - IANA: FlowId
                  - DataNumber: 2040953
                - - Netscaler: NetscalerTransactionId
                  - DataNumber: 94120
                - - Netscaler: NetscalerConnectionId
                  - DataNumber: 2040953
                - - IANA: IpVersion
                  - DataNumber: 4
                - - IANA: ProtocolIdentifier
                  - ProtocolType: Tcp
                - - IANA: PaddingOctets
                  - String: ""
                - - IANA: SourceIpv4address
                  - Ip4Addr: 172.18.129.61
                - - IANA: DestinationIpv4address
                  - Ip4Addr: 172.18.159.99
                - - IANA: SourceTransportPort
                  - DataNumber: 51612
                - - IANA: DestinationTransportPort
                  - DataNumber: 443
                - - IANA: PacketDeltaCount
                  - DataNumber: 1
                - - IANA: OctetDeltaCount
                  - DataNumber: 40
                - - IANA: TcpControlBits
                  - DataNumber: 16
                - - Netscaler: NetscalerFlowFlags
                  - DataNumber: 84025344
                - - IANA: FlowStartMicroseconds
                  - Duration:
                      secs: 3621155483
                      nanos: 179000
                - - IANA: FlowEndMicroseconds
                  - Duration:
                      secs: 3621155483
                      nanos: 179000
                - - IANA: IngressInterface
                  - DataNumber: 1
                - - IANA: EgressInterface
                  - DataNumber: 2147483651
                - - Netscaler: NetscalerAppNameAppId
                  - DataNumber: 9510
                - - Netscaler: NetscalerAppUnitNameAppId
                  - DataNumber: 0
                - - Netscaler: NetscalerHttpResForwFB
                  - DataNumber: 0
                - - Netscaler: NetscalerHttpResForwLB
                  - DataNumber: 0
                - - Netscaler: NetscalerConnectionChainID
                  - Vec:
                      - 0
                      - 80
                      - 86
                      - 0
                      - 215
                      - 43
                      - 33
                      - 84
                      - 27
                      - 244
                      - 43
                      - 84
                      - 247
                      - 173
                      - 11
                      - 0
                - - Netscaler: NetscalerConnectionChainHopCount
                  - DataNumber: 1
                - - Netscaler: NetscalerHttpReqUrl
                  - String: ""
                - - Netscaler: NetscalerHttpReqCookie
                  - String: ""
                - - Netscaler: NetscalerHttpReqReferer
                  - String: ""
                - - Netscaler: NetscalerHttpReqMethod
                  - String: ""
                - - Netscaler: NetscalerHttpReqHost
                  - String: ""
                - - Netscaler: NetscalerHttpReqUserAgent
                  - String: ""
                - - Netscaler: NetscalerHttpContentType
                  - String: ""
                - - Netscaler: NetscalerHttpReqAuthorization
                  - String: ""
                - - Netscaler: NetscalerHttpReqVia
                  - String: ""
                - - Netscaler: NetscalerHttpReqXForwardedFor
                  - String: ""
                - - Netscaler: NetscalerAaaUsername
                  - String: ""
      - header:
          header_id: 257
          length: 118
        body:
          Data:
            fields:
              - - - IANA: ObservationPointId
                  - DataNumber: 8731347
                - - IANA: ExportingProcessId
                  - DataNumber: 0
                - - IANA: FlowId
                  - DataNumber: 2040954
                - - Netscaler: NetscalerTransactionId
                  - DataNumber: 94120
                - - Netscaler: NetscalerConnectionId
                  - DataNumber: 2040953
                - - IANA: IpVersion
                  - DataNumber: 4
                - - IANA: ProtocolIdentifier
                  - ProtocolType: Tcp
                - - IANA: PaddingOctets
                  - String: ""
                - - IANA: SourceIpv4address
                  - Ip4Addr: 172.18.159.99
                - - IANA: DestinationIpv4address
                  - Ip4Addr: 172.18.129.61
                - - IANA: SourceTransportPort
                  - DataNumber: 443
                - - IANA: DestinationTransportPort
                  - DataNumber: 51612
                - - IANA: PacketDeltaCount
                  - DataNumber: 7
                - - IANA: OctetDeltaCount
                  - DataNumber: 6917
                - - IANA: TcpControlBits
                  - DataNumber: 24
                - - Netscaler: NetscalerFlowFlags
                  - DataNumber: 1090527232
                - - IANA: FlowStartMicroseconds
                  - Duration:
                      secs: 3621155483
                      nanos: 175000
                - - IANA: FlowEndMicroseconds
                  - Duration:
                      secs: 3621155483
                      nanos: 178000
                - - Netscaler: NetscalerRoundTripTime
                  - DataNumber: 3
                - - IANA: EgressInterface
                  - DataNumber: 1
                - - IANA: IngressInterface
                  - DataNumber: 2147483651
                - - Netscaler: NetscalerAppNameAppId
                  - DataNumber: 9510
                - - Netscaler: NetscalerConnectionChainID
                  - Vec:
                      - 0
                      - 80
                      - 86
                      - 0
                      - 215
                      - 43
                      - 33
                      - 84
                      - 27
                      - 244
                      - 43
                      - 84
                      - 247
                      - 173
                      - 11
                      - 0
                - - Netscaler: NetscalerConnectionChainHopCount
                  - DataNumber: 1
      - header:
          header_id: 258
          length: 503
        body:
          Data:
            fields:
              - - - IANA: ObservationPointId
                  - DataNumber: 8731347
                - - IANA: ExportingProcessId
                  - DataNumber: 0
                - - IANA: FlowId
                  - DataNumber: 2040953
                - - Netscaler: NetscalerTransactionId
                  - DataNumber: 94121
                - - Netscaler: NetscalerConnectionId
                  - DataNumber: 2040953
                - - IANA: IpVersion
                  - DataNumber: 4
                - - IANA: ProtocolIdentifier
                  - ProtocolType: Tcp
                - - IANA: PaddingOctets
                  - String: ""
                - - IANA: SourceIpv4address
                  - Ip4Addr: 172.18.129.61
                - - IANA: DestinationIpv4address
                  - Ip4Addr: 172.18.159.99
                - - IANA: SourceTransportPort
                  - DataNumber: 51612
                - - IANA: DestinationTransportPort
                  - DataNumber: 443
                - - IANA: PacketDeltaCount
                  - DataNumber: 1
                - - IANA: OctetDeltaCount
                  - DataNumber: 482
                - - IANA: TcpControlBits
                  - DataNumber: 24
                - - Netscaler: NetscalerFlowFlags
                  - DataNumber: 84025344
                - - IANA: FlowStartMicroseconds
                  - Duration:
                      secs: 3621155483
                      nanos: 186000
                - - IANA: FlowEndMicroseconds
                  - Duration:
                      secs: 3621155483
                      nanos: 186000
                - - IANA: IngressInterface
                  - DataNumber: 1
                - - IANA: EgressInterface
                  - DataNumber: 2147483651
                - - Netscaler: NetscalerAppNameAppId
                  - DataNumber: 9510
                - - Netscaler: NetscalerAppUnitNameAppId
                  - DataNumber: 0
                - - Netscaler: NetscalerHttpResForwFB
                  - DataNumber: 0
                - - Netscaler: NetscalerHttpResForwLB
                  - DataNumber: 0
                - - Netscaler: NetscalerConnectionChainID
                  - Vec:
                      - 0
                      - 80
                      - 86
                      - 0
                      - 215
                      - 43
                      - 33
                      - 84
                      - 27
                      - 244
                      - 43
                      - 84
                      - 157
                      - 54
                      - 12
                      - 0
                - - Netscaler: NetscalerConnectionChainHopCount
                  - DataNumber: 1
                - - Netscaler: NetscalerHttpReqUrl
                  - String: /vpn/images/caxtonstyle.css
                - - Netscaler: NetscalerHttpReqCookie
                  - String: ""
                - - Netscaler: NetscalerHttpReqReferer
                  - String: "https://int-app-netscaler-10-1-ext.lab2.net/vpn/index.html"
                - - Netscaler: NetscalerHttpReqMethod
                  - String: GET
                - - Netscaler: NetscalerHttpReqHost
                  - String: int-app-netscaler-10-1-ext.lab2.net
                - - Netscaler: NetscalerHttpReqUserAgent
                  - String: "Mozilla/5.0 (Windows NT 6.1; WOW64; rv:32.0) Gecko/20100101 Firefox/32.0"
                - - Netscaler: NetscalerHttpContentType
                  - String: ""
                - - Netscaler: NetscalerHttpReqAuthorization
                  - String: ""
                - - Netscaler: NetscalerHttpReqVia
                  - String: ""
                - - Netscaler: NetscalerHttpReqXForwardedFor
                  - String: ""
                - - Netscaler: NetscalerAaaUsername
                  - String: ""
              - - - IANA: ObservationPointId
                  - DataNumber: 8731347
                - - IANA: ExportingProcessId
                  - DataNumber: 0
                - - IANA: FlowId
                  - DataNumber: 2040953
                - - Netscaler: NetscalerTransactionId
                  - DataNumber: 94121
                - - Netscaler: NetscalerConnectionId
                  - DataNumber: 2040953
                - - IANA: IpVersion
                  - DataNumber: 4
                - - IANA: ProtocolIdentifier
                  - ProtocolType: Tcp
                - - IANA: PaddingOctets
                  - String: ""
                - - IANA: SourceIpv4address
                  - Ip4Addr: 172.18.129.61
                - - IANA: DestinationIpv4address
                  - Ip4Addr: 172.18.159.99
                - - IANA: SourceTransportPort
                  - DataNumber: 51612
                - - IANA: DestinationTransportPort
                  - DataNumber: 443
                - - IANA: PacketDeltaCount
                  - DataNumber: 3
                - - IANA: OctetDeltaCount
                  - DataNumber: 120
                - - IANA: TcpControlBits
                  - DataNumber: 16
                - - Netscaler: NetscalerFlowFlags
                  - DataNumber: 84025344
                - - IANA: FlowStartMicroseconds
                  - Duration:
                      secs: 3621155483
                      nanos: 186000
                - - IANA: FlowEndMicroseconds
                  - Duration:
                      secs: 3621155483
                      nanos: 187000
                - - IANA: IngressInterface
                  - DataNumber: 1
                - - IANA: EgressInterface
                  - DataNumber: 2147483651
                - - Netscaler: NetscalerAppNameAppId
                  - DataNumber: 9510
                - - Netscaler: NetscalerAppUnitNameAppId
                  - DataNumber: 0
                - - Netscaler: NetscalerHttpResForwFB
                  - DataNumber: 0
                - - Netscaler: NetscalerHttpResForwLB
                  - DataNumber: 0
                - - Netscaler: NetscalerConnectionChainID
                  - Vec:
                      - 0
                      - 80
                      - 86
                      - 0
                      - 215
                      - 43
                      - 33
                      - 84
                      - 27
                      - 244
                      - 43
                      - 84
                      - 157
                      - 54
                      - 12
                      - 0
                - - Netscaler: NetscalerConnectionChainHopCount
                  - DataNumber: 1
                - - Netscaler: NetscalerHttpReqUrl
                  - String: ""
                - - Netscaler: NetscalerHttpReqCookie
                  - String: ""
                - - Netscaler: NetscalerHttpReqReferer
                  - String: ""
                - - Netscaler: NetscalerHttpReqMethod
                  - String: ""
                - - Netscaler: NetscalerHttpReqHost
                  - String: ""
                - - Netscaler: NetscalerHttpReqUserAgent
                  - String: ""
                - - Netscaler: NetscalerHttpContentType
                  - String: ""
                - - Netscaler: NetscalerHttpReqAuthorization
                  - String: ""
                - - Netscaler: NetscalerHttpReqVia
                  - String: ""
                - - Netscaler: NetscalerHttpReqXForwardedFor
                  - String: ""
                - - Netscaler: NetscalerAaaUsername
                  - String: ""
      - header:
          header_id: 257
          length: 118
        body:
          Data:
            fields:
              - - - IANA: ObservationPointId
                  - DataNumber: 8731347
                - - IANA: ExportingProcessId
                  - DataNumber: 0
                - - IANA: FlowId
                  - DataNumber: 2040954
                - - Netscaler: NetscalerTransactionId
                  - DataNumber: 94121
                - - Netscaler: NetscalerConnectionId
                  - DataNumber: 2040953
                - - IANA: IpVersion
                  - DataNumber: 4
                - - IANA: ProtocolIdentifier
                  - ProtocolType: Tcp
                - - IANA: PaddingOctets
                  - String: ""
                - - IANA: SourceIpv4address
                  - Ip4Addr: 172.18.159.99
                - - IANA: DestinationIpv4address
                  - Ip4Addr: 172.18.129.61
                - - IANA: SourceTransportPort
                  - DataNumber: 443
                - - IANA: DestinationTransportPort
                  - DataNumber: 51612
                - - IANA: PacketDeltaCount
                  - DataNumber: 15
                - - IANA: OctetDeltaCount
                  - DataNumber: 21968
                - - IANA: TcpControlBits
                  - DataNumber: 24
                - - Netscaler: NetscalerFlowFlags
                  - DataNumber: 1093672960
                - - IANA: FlowStartMicroseconds
                  - Duration:
                      secs: 3621155483
                      nanos: 186000
                - - IANA: FlowEndMicroseconds
                  - Duration:
                      secs: 3621155483
                      nanos: 186000
                - - Netscaler: NetscalerRoundTripTime
                  - DataNumber: 2
                - - IANA: EgressInterface
                  - DataNumber: 1
                - - IANA: IngressInterface
                  - DataNumber: 2147483651
                - - Netscaler: NetscalerAppNameAppId
                  - DataNumber: 9510
                - - Netscaler: NetscalerConnectionChainID
                  - Vec:
                      - 0
                      - 80
                      - 86
                      - 0
                      - 215
                      - 43
                      - 33
                      - 84
                      - 27
                      - 244
                      - 43
                      - 84
                      - 157
                      - 54
                      - 12
                      - 0
                - - Netscaler: NetscalerConnectionChainHopCount
                  - DataNumber: 1
