---
source: src/tests.rs
expression: "NetflowParser::default().parse_bytes(&packet)"
---
- IPFix:
    header:
      version: 10
      length: 48
      export_time: 16909060
      sequence_number: 0
      observation_domain_id: 16909060
    flowsets:
      - header:
          header_id: 2
          length: 20
        body:
          Template:
            template_id: 256
            field_count: 3
            fields:
              - field_type_number: 8
                field_length: 4
                field_type:
                  IANA: SourceIpv4address
              - field_type_number: 12
                field_length: 4
                field_type:
                  IANA: DestinationIpv4address
              - field_type_number: 65
                field_length: 0
                field_type:
                  IANA: AssignedforNetFlowv9compatibility
      - header:
          header_id: 256
          length: 12
        body:
          Data:
            fields:
              - - - IANA: SourceIpv4address
                  - Ip4Addr: 1.2.3.4
                - - IANA: DestinationIpv4address
                  - Ip4Addr: 1.2.3.4
                - - IANA: AssignedforNetFlowv9compatibility
                  - Vec: []
