---
source: src/tests.rs
expression: "NetflowParser::default().parse_bytes(&packet)"
---
- IPFix:
    header:
      version: 10
      length: 42
      export_time: 1670052913
      sequence_number: 0
      observation_domain_id: 0
    flowsets:
      - header:
          header_id: 2
          length: 26
        body:
          Template:
            template_id: 260
            field_count: 2
            fields:
              - field_type_number: 103
                field_type: Layer2packetSectionSize
                field_length: 65535
                enterprise_number: 407732327
              - field_type_number: 32767
                field_type:
                  Unknown: 32767
                field_length: 0
                enterprise_number: 407732544
