---
source: src/tests.rs
expression: parser.parse_bytes(&packet)
---
- IPFix:
    header:
      version: 10
      length: 26
      export_time:
        secs: 1
        nanos: 0
      sequence_number: 1
      observation_domain_id: 0
    sets: []
- Error:
    error_message: Unsupported Version
    bytes:
      - 1
      - 2
      - 0
      - 10
      - 0
      - 8
      - 0
      - 0
      - 1
      - 1

