---
source: src/tests.rs
expression: "NetflowParser::default().parse_bytes(&packet)"
---
- V7:
    header:
      version: 7
      count: 1
      sys_up_time: 50332672
      unix_secs: 83887623
      unix_nsecs: 134807553
      flow_sequence: 33752069
      reserved: 101124105
    flowsets:
      - src_addr: 0.1.2.3
        dst_addr: 4.5.6.7
        next_hop: 8.9.0.1
        input: 515
        output: 1029
        d_pkts: 101124105
        d_octets: 66051
        first: 67438087
        last: 134807553
        src_port: 515
        dst_port: 1029
        flags_fields_valid: 6
        tcp_flags: 7
        protocol_number: 8
        protocol_type: Egp
        tos: 9
        src_as: 1
        dst_as: 515
        src_mask: 4
        dst_mask: 5
        flags_fields_invalid: 1543
        router_src: 8.9.0.1
